0 . DISK2SND COPIER
1 . WITHOUT ANY CABLES.
2 . BY JAKUB HUSAK, DATE:07.2012
4 . JUST RETYPE THIS PROGGY,
5 . PUT THE DISK INTO DRIVE 1
6 . YOU WANT TO CONVERT TO XFD,
7 . ENTER NUMBERS AND RECORD
8 . OUTGOING NOISE ON PC, THEN
9 . SAVE AS WAV AND FEED THE PC APP
10 SUM=13218 : PLEN=145
11 POKE 65,0:  DIM A$(4), B$(512)
12 FOR I=1 TO PLEN*2 STEP 4: READ A$: B$(I,I+4)=A$:N.I
13 FOR I=1 TO PLEN*2 STEP 2: VAL=(ASC(B$(I))-65)*16+
ASC(B$(I+1))-65:POKE 1536+(I-1)/2,VAL:SUM=SUM-VAL:N.I
14 IF SUM<>0 THEN ? "DATA ERROR": END
15 ? "START SEC?": I. SSEC
16 ? "END SEC?": I. ESEC
17 ? "SECT LEN [1]28/[2]56?":I. SLEN
18 FOR I=SSEC TO ESEC: ? "READING SECTOR: ";I,"ST: ";:
? USR(1543,I,I,128+(I>3)*(SLEN=2)*128): N.I
19 ? "OPERATION COMPLETED." : END
20 D. DBAB,FCEA,AIAE,BOKC,AGLN
21 D. AAAG,JNAA,ADGI,JNAI,ADMK
22 D. BAPD,CAFJ,OEIF,NFIE,NEBA
23 D. ABGA,HICA,FIAG,KJFH,IFDB
24 D. CAGI,AGKC,AJIN,AKNE,CAGC
25 D. AGNA,PICA,GFAG,KAAE,KJAI
26 D. IFHO,KJAD,IFHP,CAHG,AGOG
27 D. HPKM,AIAD,CAHG,AGKF,DBKA
28 D. AACA,HJAG,KAEA,KJCC,IMAO
29 D. NEIN,AANE,FIGA,JAAD,INAK
30 D. NEKF,DFCM,KJBP,EJAP,IFDF
31 D. INAK,NEIN,ABNC,MKGA,IILB
32 D. HOIF,DCBI,GFDB,CKGJ,AAIF
33 D. DBKC,AHAG,DCCA,GAAG,BAPJ
34 D. MAAA,NAOG,GA
